// Vitest Snapshot v1, https://vitest.dev/guide/snapshot.html

exports[`__clearDrawCalls > should clear the list of draw calls 1`] = `[]`;

exports[`__clearDrawCalls > should not prevent additional draw calls from being collected 1`] = `
[
  {
    "props": {
      "height": 4,
      "width": 3,
      "x": 1,
      "y": 2,
    },
    "transform": [
      1,
      0,
      0,
      1,
      0,
      0,
    ],
    "type": "fillRect",
  },
]
`;

exports[`__clearDrawCalls should clear the list of draw calls 1`] = `[]`;

exports[`__clearDrawCalls should not prevent additional draw calls from being collected 1`] = `
[
  {
    "props": {
      "height": 4,
      "width": 3,
      "x": 1,
      "y": 2,
    },
    "transform": [
      1,
      0,
      0,
      1,
      0,
      0,
    ],
    "type": "fillRect",
  },
]
`;
