// Vitest Snapshot v1, https://vitest.dev/guide/snapshot.html

exports[`__clearEvents > should clear the list of events 1`] = `
[
  {
    "props": {},
    "transform": [
      1,
      0,
      0,
      1,
      0,
      0,
    ],
    "type": "beginPath",
  },
]
`;

exports[`__clearEvents > should not prevent additional events from being collected 1`] = `
[
  {
    "props": {},
    "transform": [
      1,
      0,
      0,
      1,
      0,
      0,
    ],
    "type": "beginPath",
  },
  {
    "props": {
      "anticlockwise": false,
      "endAngle": 5,
      "radius": 3,
      "startAngle": 4,
      "x": 1,
      "y": 2,
    },
    "transform": [
      1,
      0,
      0,
      1,
      0,
      0,
    ],
    "type": "arc",
  },
]
`;

exports[`__clearEvents should clear the list of events 1`] = `
[
  {
    "props": {},
    "transform": [
      1,
      0,
      0,
      1,
      0,
      0,
    ],
    "type": "beginPath",
  },
]
`;

exports[`__clearEvents should not prevent additional events from being collected 1`] = `
[
  {
    "props": {},
    "transform": [
      1,
      0,
      0,
      1,
      0,
      0,
    ],
    "type": "beginPath",
  },
  {
    "props": {
      "anticlockwise": false,
      "endAngle": 5,
      "radius": 3,
      "startAngle": 4,
      "x": 1,
      "y": 2,
    },
    "transform": [
      1,
      0,
      0,
      1,
      0,
      0,
    ],
    "type": "arc",
  },
]
`;
